                  Hermes Utilities -- PFFDIFF
 *********************************************************************
 * Copyright (2008) Sandia Corporation. Under the terms of
 * Contract DE-AC04-94AL85000 with Sandia Corporation, the U.S.
 * Government retains certain rights in this software.
 * 
 * Hermes is free software: you can redistribute it and/or modify
 * it under the terms of the GNU Lesser General Public License as
 * published by the Free Software Foundation, either version 3 of
 * the License, or (at your option) any later version.
 * 
 * Hermes is distributed in the hope that it will be useful, but
 * WITHOUT ANY WARRANTY; without even the implied warranty of
 * MERCHANTABILITY or FITNESS FOR A PARTICULAR PURPOSE.  See the
 * GNU Lesser General Public License for more details.
 * 
 * You should have received a copy of the GNU Lesser General
 * Public License along with Hermes.  If not, see
 * <http://www.gnu.org/licenses/>.
 *********************************************************************
FAIL: MEAN_DEVIATION, "ekill"(#3) -- PFF test file needed but not open:  
pass: MEAN_DEVIATION, "ekill"(#3) -- Deviation = 3.673e-04, Limit = 1.000e+00
FAIL: MEAN_DEVIATION, "ekill"(#4) -- Dataset number/title mismatch in base file:  ekill
FAIL: MAX_DEVIATION, "vin"(#6) -- Deviation = 4.367e-03, Limit = 1.000e-03

Error Count: (3/4)   3 Parsing Errors encountered
