Parsing Error in error.pffdiff[23]: Unrecognized Keyword
   xxx
Parsing Error in error.pffdiff[27]: Unknown command
   qqq
Parsing Error in error.pffdiff[28]: Unknown keyword: 
   abc
